{"ok":true,"choicesChecked":360,"replaysChecked":210,"palettesChecked":660,"verificationChoices":540,"answerPositions":[4,1,5,3,2,0]}
{"ok":true,"tasksChecked":4200,"seedsPerStop":100,"checks":["all 17 types","deterministic missions","exact solutions and transitions","correct and incorrect typed answers","empty route rejected","task-specific answer keys","no partial completion","one-time XP","hints and errors distinct","previous progress preserved","13 playable stops","serialized mission revives"]}
{"ok":true,"checkedSteps":1440,"pauseReplayCancel":true}
{"ok":true,"completedRoutes":1200,"checks":["Exact equality throughout both paths","Larger common multiples accepted","Visible common denominators required","Every required term available","Forgotten right term diagnosed","Matching different-number help","New rounds and old saves preserved"]}
Per-round XP, fresh tasks, idempotent reload, legacy migration, system replay and unique level totals passed
✔ all 17 types produce reproducible questions and exact server grades under all number settings (167.535854ms)
✔ numbers support decimal commas and fractions, without unsafe or ambiguous values (0.270402ms)
✔ seeded generation does not replace global randomness or change solo generation (0.223602ms)
✔ simple system battles reuse exact native generation and grade both final coordinates (49.252898ms)
✔ system specification bounds match client and server generation (0.407543ms)
✔ six areas cover the 17 existing equation forms with explicit learning goals (2.546992ms)
✔ prediction checks members, not just the solution set (0.710016ms)
✔ distributivity is produced and errors are located, not inferred from a solution (1.542933ms)
✔ both routes remain mathematically valid; strategic goals are separate (0.837197ms)
✔ each production answer validates exactly across varied generated missions (85.94132ms)
✔ five completed tasks award once; earlier practice is not a new mission (0.604175ms)
✔ 17 oefenvormen blijven exact equivalent en de afdruksleutel eindigt bij dezelfde oplossing (2181.888691ms)
✔ breuken blijven exact en delen door nul of onveilige integergroei wordt afgewezen (0.402883ms)
✔ contextknoppen bieden tegengestelde bewerkingen en eerst delen zonder oplossingsroute af te dwingen (0.702466ms)
✔ contextkeuzes bewaren voor alle 17 vormen de exacte oplossing en sluiten nul uit (140.907957ms)
✔ controle beschrijft de actuele vergelijking, ook met x rechts, zonder werk te veranderen (1.181679ms)
✔ eerst delen blijft oplosbaar met afgeleide breuken, ook bij een gehele-getallenreeks (0.679806ms)
✔ delen biedt actuele coëfficiënten aan, ook als beide leden meerdere termen hebben (0.193341ms)
✔ vermenigvuldigen na eerst delen werkt op elke term van beide leden (0.198501ms)
✔ noodzakelijke actuele termen worden niet afgekapt na acht keuzeknoppen (0.719587ms)
✔ vergelijkingen met x aan beide kanten blijven oplosbaar na eerst delen en eerst constanten wegwerken (493.1414ms)
✔ tests/algebra-v04-choices.test.cjs (0.100611ms)
✔ tests/algebra-v04-journey.test.cjs (0.04814ms)
✔ tests/algebra-v04-motion.test.cjs (0.04679ms)
✔ tests/algebra-v045-fractions.test.cjs (0.043131ms)
✔ tests/algebra-v050-flow.test.cjs (0.03951ms)
✔ every existing exercise has a stable topic, with reachable dependencies (2.585292ms)
✔ all topics are accessible and three distinct answers award XP once (0.207411ms)
✔ legacy work and free access never invent XP (0.10855ms)
✔ merging separate game records preserves earned rewards without double counting (0.255782ms)
✔ algebra XP reads topic awards across the separate trainers once, without converting old forms (0.665946ms)
✔ new algebra missions contribute actual XP only after all five tasks (0.329653ms)
✔ algebra route completion excludes earlier practiced-form counts (0.229702ms)
✔ counts distinct completed units and distinguishes new, active and finished (0.228082ms)
✔ handles missing totals and malformed values without making up a percentage (0.187822ms)
✔ trainer statistics are not misrepresented as course completion (0.131191ms)
✔ overview queries explicitly scope both storage formats to the student (1.278801ms)
✔ each failed query is distinguished from no saved progress (1.16389ms)
✔ guests and teachers never fetch the student overview (1.310311ms)
✔ late responses cannot deliver the previous student’s overview after account change (4.315107ms)
✔ Wortelbouw shows tracked puzzle completion and reaches the gold completion state (2.133698ms)
✔ central XP uses saved totals once and keeps completed puzzles separate (1.1724ms)
✔ Getallenwereld keeps its guided route and historical series separate while preserving earned XP (0.792257ms)
✔ online numbers awards add once to saved solo XP, never to duplicated component routes (0.173641ms)
✔ Scientific learning adds four real units while preserving all fifteen existing completions (2.856564ms)
✔ online and offline catalogs expose exactly the same entries and progress totals (5.101373ms)
✔ catalog generation rejects duplicate identities instead of mixing saved progress (0.169831ms)
✔ featured games have subject, responsive artwork and an explicit ordering (0.779186ms)
✔ Every public build has a theme and its own work form; historical identities stay intact (0.749376ms)
✔ All app, mode, worksheet and artwork routes exist, including project subdirectory deployment (2.838344ms)
✔ Learners participate in classes but cannot create them through startup options or direct launch (8.893716ms)
✔ Search distinguishes work forms and tolerates accents (0.640825ms)
✔ Desktop preferences are per account and never overwrite a learning progress key (0.661385ms)
✔ Every old and new stage remains solvable with the displayed choices (580.279221ms)
✔ Choosing a different valid square factor keeps its matching rest factor available (3.362588ms)
✔ Topic links select related question forms, and do not invent unsupported equivalents (0.209512ms)
✔ Scientific guided units append to the old identities and share the existing practice skill (0.141782ms)
✔ All 5,400 sampled historical lesson tasks are byte-identical to the existing pilot (122.032907ms)
✔ Every scientific source, displayed answer and canonical stage has the same exact rational value (434.295121ms)
✔ Every canonical answer can be selected with the existing touch-choice model (73.399434ms)
✔ Scientific coefficients stay normalized and signed depth tasks keep their sign (7.816446ms)
✔ Reverse scientific writing exercises both decimal directions and fixed negative signs (0.230292ms)
✔ Normalization compensates both an oversized and an undersized coefficient (0.254162ms)
✔ Malformed digit answers cannot change the rendered decimal place while passing exact grading (0.926767ms)
✔ Each unit and edition can start six different questions within the existing bounded seed search (0.492014ms)
✔ Boundary seeds remain exactly reproducible without producing an unsupported exponent (11.528728ms)
✔ 19 lesson routes make reproducible, exact exercises and accept every canonical stage (407.814946ms)
✔ Getallenwereld has its own catalog identity, save key and real completed count without converted XP (2.948915ms)
✔ scientific version 1 reproduces all 3600 frozen historical task specifications (45.84124ms)
✔ 3600 new tasks use three distinct progressions and exact touch answers (1040.512983ms)
✔ version 2 does not change the other fifteen provider skills or their identities (59.485536ms)
✔ unknown generator versions fail instead of silently creating a different question (0.218941ms)
✔ generated systems and every key step preserve exact solutions across levels and methods (60.583155ms)
✔ alternative operations, both retained equations and substitution in either direction (0.399824ms)
✔ safe exact number input and snapshot recovery (0.505984ms)
✔ the written operation accepts negative variables and preserves the exact operation on both sides (1.077319ms)
ℹ tests 76
ℹ suites 0
ℹ pass 76
ℹ fail 0
ℹ cancelled 0
ℹ skipped 0
ℹ todo 0
ℹ duration_ms 8948.912886
