✔ Closing a settled desktop fixture cancels pending rendering before jsdom destroys its document (293.638456ms)
✔ The desktop starts with one app and Add; the catalog retains themes and distinct work forms (94.024466ms)
✔ Back, Start, global menu and collapsing the platform row retain the exact native DOM and handlers (149.220409ms)
✔ A second visit restores the explicit topbar preference and has a reachable restore control (43.904325ms)
✔ Learner startup and direct launches reject class creation; teacher options use the trusted auth result (69.05353ms)
✔ Saving is a desktop shortcut; closing is explicit; reopening a running online app keeps that mode (65.524471ms)
✔ Account changes clear live apps and separate pins, shortcuts and stale progress responses (129.050847ms)
✔ An unrecognized account can discover guest apps without fake learner progress or class controls (61.46857ms)
✔ The laptop cache limit rejects a seventh app without discarding the six live screens (111.710911ms)
✔ Algebra routes keep separate live modules, one projected navigation, exact saved URLs and cached class returns (153.38468ms)
✔ Algebra route at the six-window limit keeps the original answer instead of navigating its iframe (74.647884ms)
✔ Each pilot keeps its own folder, filter and search when switching through the taskbar (116.672944ms)
✔ Launching through Start gives the new app its theme while saved shortcuts return to My tasks (86.426245ms)
✔ Start works from a native answer field and Escape returns focus without changing native keys or input (34.44658ms)
✔ Resuming a pinned app retains its own return place and restores the native answer focus (53.58941ms)
✔ Start and resume retain focus from a nested native workboard without intercepting ordinary answers (42.564461ms)
✔ Actual atelier progress keeps its native unit and does not leak into another app (54.889043ms)
✔ Native sign-in actions reach the central account panel and the bridge is removed on close (48.691057ms)
✔ Guest live lesson sign-in captures the real native account handler and preserves the join screen (45.008027ms)
✔ The pupil Learn entrance reaches the original code form and joins a class; teachers reach class setup (102.629968ms)
✔ The actual powers workbench keeps its clickable answer, seed and native document through desktop navigation (370.302937ms)
✔ Every public build has a theme and its own work form; historical identities stay intact (0.918753ms)
✔ All app, mode, worksheet and artwork routes exist, including project subdirectory deployment (3.525599ms)
✔ Learners participate in classes but cannot create them through startup options or direct launch (8.414982ms)
✔ Search distinguishes work forms and tolerates accents (0.445191ms)
✔ Desktop preferences are per account and never overwrite a learning progress key (0.551972ms)
✔ pool requires whole completed released worlds and never requires optional Puntenbaai (4.505552ms)
✔ online input advances without checking a wrong intermediate answer (0.388821ms)
✔ inequality second step retains own hypothesis and never reveals the correct root (2.180256ms)
✔ worker bundle agrees with native validators for every battle skill and seed (61.530901ms)
✔ Edge worker authenticates before RPC and never trusts a supplied user identity or correctness (18.436258ms)
✔ Desktop home is optional and remains inside the platform origin and path (124.973666ms)
✔ Standalone live lesson roles and membership keep their existing behavior (30.710061ms)
✔ Compact desktop title identifies the app even when native breadcrumbs show an exercise (47.745775ms)
✔ OS has no redundant Live link after teacher/student login or lesson membership changes (29.218246ms)
ℹ tests 35
ℹ suites 0
ℹ pass 35
ℹ fail 0
ℹ cancelled 0
ℹ skipped 0
ℹ todo 0
ℹ duration_ms 3075.107196
